**********************
Windows PowerShell transcript start
Start time: 20260726145816
Username: ASTROPC\AstroPC
RunAs User: ASTROPC\AstroPC
Configuration Name: 
Machine: ASTROPC (Microsoft Windows NT 10.0.19045.0)
Host Application: C:\Windows\System32\WindowsPowerShell\v1.0\powershell.exe -Command if((Get-ExecutionPolicy ) -ne 'AllSigned') { Set-ExecutionPolicy -Scope Process Bypass }; & 'C:\Users\AstroPC\Documents\GitHub\occultation-ntp-installer\install_ntp_timing_guided.ps1'
Process ID: 1396
PSVersion: 5.1.19041.6456
PSEdition: Desktop
PSCompatibleVersions: 1.0, 2.0, 3.0, 4.0, 5.0, 5.1.19041.6456
BuildVersion: 10.0.19041.6456
CLRVersion: 4.0.30319.42000
WSManStackVersion: 3.0
PSRemotingProtocolVersion: 2.3
SerializationVersion: 1.1.0.1
**********************
PS>TerminatingError(): "This installer needs Administrator rights. Close this window, then right-click PowerShell and select 'Run as administrator', and run the installer again."

[ERROR] This installer needs Administrator rights. Close this window, then right-click PowerShell and select 'Run as administrator', and run the installer again.
See installer log for full details:
  C:\Users\AstroPC\Documents\GitHub\occultation-ntp-installer\logs\guided_ntp_installer_20260726_145816.log
**********************
Windows PowerShell transcript end
End time: 20260726145816
**********************
